{
  "resourceType": "Bundle",
  "type": "transaction",
  "entry": [
    {
      "fullUrl": "urn:uuid:",
      "resource": {
        "resourceType": "MessageHeader",
        "id": "",
        "source": {
          "source": {
            "name": "NES"
          }
        },
        "destination": [
          {
            "destination": [
              {
                "name": "TESTSYSTEM"
              }
            ]
          }
        ],
        "meta": {
          "tag": [
            {
              "meta": {
                "tag": [
                  {
                    "code": "P",
                    "system": "http://terminology.hl7.org/CodeSystem/v2-0103"
                  }
                ]
              }
            }
          ]
        }
      },
      "request": {
        "method": "PUT",
        "url": "MessageHeader/"
      }
    },
    {
      "fullUrl": "urn:uuid:",
      "resource": {
        "resourceType": "Patient",
        "id": "",
        "identifier": [
          {
            "value": "123456789",
            "type": {
              "coding": [
                {
                  "code": "MR",
                  "system": "http://terminology.hl7.org/CodeSystem/v2-0203"
                }
              ]
            }
          }
        ],
        "name": [
          {
            "family": "BROS",
            "given": [
              "MARIO"
            ]
          }
        ],
        "birthDate": "1985-01-01",
        "gender": "male",
        "address": [
          {
            "line": [
              "123 FAKE STREET",
              "MARIO LUIGI BROS PLACE"
            ],
            "city": "TOADSTOOL KINGDOM",
            "state": "NES",
            "postalCode": "A1B2C3",
            "country": "JP"
          },
          {
            "district": "1234"
          }
        ],
        "telecom": [
          {
            "value": "(555)555-0123",
            "use": "home"
          },
          {
            "value": "(555)555-0124",
            "use": "home"
          }
        ],
        "maritalStatus": {
          "coding": [
            {
              "code": "S",
              "display": "Never Married",
              "system": "http://terminology.hl7.org/CodeSystem/v3-MaritalStatus"
            }
          ]
        },
        "multipleBirthInteger": "0",
        "deceasedBoolean": "false",
        "contact": [
          {
            "name": {
              "family": "PEACH",
              "given": [
                "PRINCESS"
              ]
            },
            "address": {
              "line": [
                "ANOTHER CASTLE"
              ],
              "city": "TOADSTOOL KINGDOM",
              "state": "NES",
              "country": "JP"
            },
            "telecom": [
              {
                "value": "(123)555-1234"
              },
              {
                "value": "(123)555-2345"
              }
            ]
          },
          {
            "name": {
              "family": "TOADSTOOL",
              "given": [
                "PRINCESS"
              ]
            },
            "address": {
              "line": [
                "YET ANOTHER CASTLE"
              ],
              "city": "TOADSTOOL KINGDOM",
              "state": "NES",
              "country": "JP"
            },
            "telecom": [
              {
                "value": "(123)555-3456"
              },
              {
                "value": "(123)555-4567"
              }
            ]
          }
        ]
      },
      "request": {
        "method": "PUT",
        "url": "Patient/"
      }
    },
    {
      "fullUrl": "urn:uuid:",
      "resource": {
        "resourceType": "Provenance",
        "id": "",
        "agent": [
          {
            "type": {
              "coding": [
                {
                  "code": "author",
                  "system": "http://terminology.hl7.org/CodeSystem/provenance-participant-type"
                }
              ]
            }
          }
        ],
        "recorded": "2001-01-01T00:00:00Z"
      },
      "request": {
        "method": "PUT",
        "url": "Provenance/"
      }
    },
    {
      "fullUrl": "urn:uuid:",
      "resource": {
        "resourceType": "Account",
        "id": "",
        "identifier": [
          {
            "value": "12345678"
          }
        ]
      },
      "request": {
        "method": "PUT",
        "url": "Account/"
      }
    },
    {
      "fullUrl": "urn:uuid:",
      "resource": {
        "resourceType": "Organization",
        "id": "",
        "identifier": [
          {
            "value": "NINTENDO"
          }
        ],
        "destination": [
          {
            "endpoint": "TESTFACILITY"
          }
        ]
      },
      "request": {
        "method": "PUT",
        "url": "Organization/"
      }
    },
    {
      "fullUrl": "urn:uuid:",
      "resource": {
        "resourceType": "Encounter",
        "id": "",
        "class": {
          "code": "AMB",
          "display": "ambulatory",
          "system": "http://terminology.hl7.org/CodeSystem/v3-ActCode"
        },
        "status": "unknown",
        "location": [
          {
            "location": {
              "reference": "Location/"
            },
            "status": "active"
          },
          {
            "location": {
              "reference": "Location/"
            },
            "status": "completed"
          },
          {
            "location": {
              "reference": "Location/"
            },
            "status": "active"
          },
          {
            "location": {
              "reference": "Location/"
            },
            "status": "completed"
          }
        ],
        "participant": [
          {
            "type": [
              {
                "coding": [
                  {
                    "code": "ATND",
                    "system": "http://terminology.hl7.org/CodeSystem/v3-ParticipationType",
                    "display": "attender"
                  }
                ]
              }
            ]
          },
          {
            "type": [
              {
                "coding": [
                  {
                    "code": "REF",
                    "system": "http://terminology.hl7.org/CodeSystem/v3-ParticipationType"
                  }
                ],
                "text": "referrer"
              }
            ]
          },
          {
            "type": [
              {
                "coding": [
                  {
                    "code": "ADM",
                    "system": "http://terminology.hl7.org/CodeSystem/v3-ParticipationType"
                  }
                ],
                "text": "admitter"
              }
            ]
          }
        ],
        "serviceType": {
          "coding": [
            {
              "code": "CRD"
            }
          ]
        },
        "identifier": [
          {
            "value": "0123456789",
            "type": {
              "coding": [
                {
                  "system": "http://terminology.hl7.org/CodeSystem/v2-0203"
                }
              ],
              "text": "visit number"
            }
          }
        ],
        "period": {
          "start": "2001-01-01T00:00:00Z"
        },
        "subject": {
          "reference": "Patient/"
        }
      },
      "request": {
        "method": "PUT",
        "url": "Encounter/"
      }
    },
    {
      "fullUrl": "urn:uuid:",
      "resource": {
        "resourceType": "Location",
        "id": "",
        "mode": "instance",
        "physicalType": {
          "coding": [
            {
              "system": "http://terminology.hl7.org/CodeSystem/location-physical-type"
            }
          ]
        }
      },
      "request": {
        "method": "PUT",
        "url": "Location/"
      }
    },
    {
      "fullUrl": "urn:uuid:",
      "resource": {
        "resourceType": "Location",
        "id": ""
      },
      "request": {
        "method": "PUT",
        "url": "Location/"
      }
    },
    {
      "fullUrl": "urn:uuid:",
      "resource": {
        "resourceType": "RelatedPerson",
        "id": "",
        "address": [
          {
            "line": [
              "ANOTHER CASTLE"
            ],
            "city": "TOADSTOOL KINGDOM",
            "state": "NES",
            "country": "JP"
          }
        ],
        "telecom": [
          {
            "value": "(123)555-1234"
          },
          {
            "value": "(123)555-2345",
            "use": "work"
          }
        ],
        "name": [
          {
            "family": "PEACH",
            "given": [
              "PRINCESS"
            ]
          }
        ],
        "patient": {
          "reference": "Patient/"
        }
      },
      "request": {
        "method": "PUT",
        "url": "RelatedPerson/"
      }
    },
    {
      "fullUrl": "urn:uuid:",
      "resource": {
        "resourceType": "RelatedPerson",
        "id": "",
        "relationship": [
          {
            "coding": [
              {
                "code": "C",
                "display": "Emergency Contact",
                "system": "http://terminology.hl7.org/CodeSystem/v2-0131"
              }
            ]
          }
        ],
        "address": [
          {
            "line": [
              "YET ANOTHER CASTLE"
            ],
            "city": "TOADSTOOL KINGDOM",
            "state": "NES",
            "country": "JP"
          }
        ],
        "telecom": [
          {
            "value": "(123)555-3456"
          },
          {
            "value": "(123)555-4567",
            "use": "work"
          }
        ],
        "name": [
          {
            "family": "TOADSTOOL",
            "given": [
              "PRINCESS"
            ]
          }
        ],
        "patient": {
          "reference": "Patient/"
        }
      },
      "request": {
        "method": "PUT",
        "url": "RelatedPerson/"
      }
    }
  ]
}